---
source: cli/tests/cli.rs
expression: strip_repl_suffix(&out)
---
False
1
Error: Assertion failed.
  operator: ==
  left: 1
  right: 2
Error: Assertion failed.
  operator: ||
  left: False
  right: False
Error: Assertion failed.
  operator: &&
  left: True
  right: False
Error: Assertion failed.
  argument 1: 1
  argument 2: 2
Error: Pattern match failed, no pattern matched the value.
  value: Error("boom")
