---
source: tests/cli.rs
expression: "format!(\"STDOUT\\n{out}\\nSTDERR\\n{err}\")"
input_file: tests/inputs/main_stackoverflow_mutual.gleam
---
STDOUT
Stack overflow
  at main (/build/main_stackoverflow_mutual.mjs:10:10)
  at f (/build/main_stackoverflow_mutual.mjs:6:15)
  at g (/build/main_stackoverflow_mutual.mjs:2:15)
  at f (/build/main_stackoverflow_mutual.mjs:6:15)
  at g (/build/main_stackoverflow_mutual.mjs:2:15)
  at f (/build/main_stackoverflow_mutual.mjs:6:15)
  at g (/build/main_stackoverflow_mutual.mjs:2:15)
  at f (/build/main_stackoverflow_mutual.mjs:6:15)
  at g (/build/main_stackoverflow_mutual.mjs:2:15)
  at f (/build/main_stackoverflow_mutual.mjs:6:15)
  at g (/build/main_stackoverflow_mutual.mjs:2:15)
  at f (/build/main_stackoverflow_mutual.mjs:6:15)
  at g (/build/main_stackoverflow_mutual.mjs:2:15)
  at f (/build/main_stackoverflow_mutual.mjs:6:15)
  at g (/build/main_stackoverflow_mutual.mjs:2:15)
  at f (/build/main_stackoverflow_mutual.mjs:6:15)
  at g (/build/main_stackoverflow_mutual.mjs:2:15)
  ...

STDERR
