---
source: tests/cli.rs
expression: "formatdoc!\n{\n    \"\n            STDOUT\n            {out}\n            STDERR\n            {err}\"\n}"
input_file: tests/inputs/main_stackoverflow_stdlib.gleam
---
STDOUT
Stack overflow
  at main (/build/tests/inputs/main_stackoverflow_stdlib.mjs:9:16)
  at map (/build/gleam/list.mjs:198:10)
  at do_map (/build/gleam/list.mjs:192:30)
  at floop (/build/tests/inputs/main_stackoverflow_stdlib.mjs:5:14)
  at floop (/build/tests/inputs/main_stackoverflow_stdlib.mjs:5:14)
  at floop (/build/tests/inputs/main_stackoverflow_stdlib.mjs:5:14)
  at floop (/build/tests/inputs/main_stackoverflow_stdlib.mjs:5:14)
  at floop (/build/tests/inputs/main_stackoverflow_stdlib.mjs:5:14)
  at floop (/build/tests/inputs/main_stackoverflow_stdlib.mjs:5:14)
  at floop (/build/tests/inputs/main_stackoverflow_stdlib.mjs:5:14)
  at floop (/build/tests/inputs/main_stackoverflow_stdlib.mjs:5:14)
  at floop (/build/tests/inputs/main_stackoverflow_stdlib.mjs:5:14)
  at floop (/build/tests/inputs/main_stackoverflow_stdlib.mjs:5:14)
  at floop (/build/tests/inputs/main_stackoverflow_stdlib.mjs:5:14)
  at floop (/build/tests/inputs/main_stackoverflow_stdlib.mjs:5:14)
  at floop (/build/tests/inputs/main_stackoverflow_stdlib.mjs:5:14)
  at floop (/build/tests/inputs/main_stackoverflow_stdlib.mjs:5:14)
  ...

STDERR
