---
source: tests/cli.rs
expression: "format!(\"{out}\")"
input_file: tests/images/underlay_xy1.gleam
---
<svg width="40.0" height="20.0" xmlns="http://www.w3.org/2000/svg">
  <g>
    <rect x="0.0" y="0.0" width="20.0" height="20.0" transform="rotate(0.0 10.0 10.0)" fill="none" stroke="rgba(0, 0, 0, 1.0)" />
    <rect x="20.0" y="0.0" width="20.0" height="20.0" transform="rotate(0.0 30.0 10.0)" fill="none" stroke="rgba(0, 0, 0, 1.0)" />
  </g>
</svg>
