---
source: tests/cli.rs
expression: "format!(\"{out}\")"
input_file: tests/images/scale1.gleam
---
<svg width="80.0" height="60.0" xmlns="http://www.w3.org/2000/svg">
  <g>
    <ellipse cx="20.0" cy="30.0" rx="20.0" ry="30.0" transform="rotate(0.0 20.0 30.0)" fill="rgba(0, 0, 255, 1.0)" />
    <ellipse cx="60.0" cy="30.0" rx="20.0" ry="30.0" transform="rotate(0.0 60.0 30.0)" fill="rgba(0, 0, 255, 1.0)" />
  </g>
</svg>
